// Jest Snapshot v1, https://goo.gl/fbAQLP

exports[`color-picker HTMLelement renders correctly 1`] = `"<input class=\\"color-picker\\" data-testid=\\"color-picker\\" type=\\"color\\" id=\\"favcolor\\" name=\\"favcolor\\" value=\\"000000\\">"`;
