// Jest Snapshot v1, https://goo.gl/fbAQLP

exports[`eraser HTML Element color picker renders correctly 1`] = `"<button aria-label=\\"sÃ©lectionner la gomme\\" data-testid=\\"eraser\\"><i class=\\"fa-solid fa-eraser fa-1x\\"></i></button>"`;
